current directory: /home/rcofreto/Documents/rcofre.github.io/vendor/bundle/ruby/3.3.0/gems/http_parser.rb-0.8.1/ext/ruby_http_parser
/usr/bin/ruby -I/usr/share/rubygems extconf.rb
creating Makefile

current directory: /home/rcofreto/Documents/rcofre.github.io/vendor/bundle/ruby/3.3.0/gems/http_parser.rb-0.8.1/ext/ruby_http_parser
make DESTDIR\= sitearchdir\=./.gem.20260827-432007-7hv21s sitelibdir\=./.gem.20260827-432007-7hv21s clean
rm -f 
rm -fr ruby_http_parser.so false ruby_http_parser.o ryah_http_parser.o *.bak mkmf.log .*.time

current directory: /home/rcofreto/Documents/rcofre.github.io/vendor/bundle/ruby/3.3.0/gems/http_parser.rb-0.8.1/ext/ruby_http_parser
make DESTDIR\= sitearchdir\=./.gem.20260827-432007-7hv21s sitelibdir\=./.gem.20260827-432007-7hv21s
gcc -I. -I/usr/include -I/usr/include/ruby/backward -I/usr/include -I.   -fPIC -O2 -flto=auto -ffat-lto-objects -fexceptions -g -grecord-gcc-switches -pipe -Wall -Werror=format-security -Wp,-U_FORTIFY_SOURCE,-D_FORTIFY_SOURCE=3 -Wp,-D_GLIBCXX_ASSERTIONS -specs=/usr/lib/rpm/redhat/redhat-hardened-cc1 -fstack-protector-strong -specs=/usr/lib/rpm/redhat/redhat-annobin-cc1 -march=x86-64 -mtune=generic -fasynchronous-unwind-tables -fstack-clash-protection -fcf-protection -mtls-dialect=gnu2 -fno-omit-frame-pointer -mno-omit-leaf-frame-pointer -fPIC -I"/home/rcofreto/Documents/rcofre.github.io/vendor/bundle/ruby/3.3.0/gems/http_parser.rb-0.8.1/ext/ruby_http_parser" -m64 -o ruby_http_parser.o -c ruby_http_parser.c
gcc -I. -I/usr/include -I/usr/include/ruby/backward -I/usr/include -I.   -fPIC -O2 -flto=auto -ffat-lto-objects -fexceptions -g -grecord-gcc-switches -pipe -Wall -Werror=format-security -Wp,-U_FORTIFY_SOURCE,-D_FORTIFY_SOURCE=3 -Wp,-D_GLIBCXX_ASSERTIONS -specs=/usr/lib/rpm/redhat/redhat-hardened-cc1 -fstack-protector-strong -specs=/usr/lib/rpm/redhat/redhat-annobin-cc1 -march=x86-64 -mtune=generic -fasynchronous-unwind-tables -fstack-clash-protection -fcf-protection -mtls-dialect=gnu2 -fno-omit-frame-pointer -mno-omit-leaf-frame-pointer -fPIC -I"/home/rcofreto/Documents/rcofre.github.io/vendor/bundle/ruby/3.3.0/gems/http_parser.rb-0.8.1/ext/ruby_http_parser" -m64 -o ryah_http_parser.o -c ryah_http_parser.c
rm -f ruby_http_parser.so
gcc -shared -o ruby_http_parser.so ruby_http_parser.o ryah_http_parser.o -L. -L/usr/lib64 -L. -Wl,-z,relro -Wl,--as-needed  -Wl,-z,pack-relative-relocs -Wl,-z,now -specs=/usr/lib/rpm/redhat/redhat-hardened-ld -specs=/usr/lib/rpm/redhat/redhat-annobin-cc1  -Wl,--build-id=sha1 -fstack-protector-strong -rdynamic -Wl,-export-dynamic -Wl,--no-as-needed -Wl,-z,relro -Wl,--as-needed  -Wl,-z,pack-relative-relocs -Wl,-z,now -specs=/usr/lib/rpm/redhat/redhat-hardened-ld -specs=/usr/lib/rpm/redhat/redhat-annobin-cc1  -Wl,--build-id=sha1    -m64  -lruby  -lm -lpthread  -lc

current directory: /home/rcofreto/Documents/rcofre.github.io/vendor/bundle/ruby/3.3.0/gems/http_parser.rb-0.8.1/ext/ruby_http_parser
make DESTDIR\= sitearchdir\=./.gem.20260827-432007-7hv21s sitelibdir\=./.gem.20260827-432007-7hv21s install
/usr/bin/mkdir -p . ./.gem.20260827-432007-7hv21s
exit > .sitearchdir.time
/usr/bin/install -c -m 0755 ruby_http_parser.so ./.gem.20260827-432007-7hv21s

current directory: /home/rcofreto/Documents/rcofre.github.io/vendor/bundle/ruby/3.3.0/gems/http_parser.rb-0.8.1/ext/ruby_http_parser
make DESTDIR\= sitearchdir\=./.gem.20260827-432007-7hv21s sitelibdir\=./.gem.20260827-432007-7hv21s clean
rm -f 
rm -fr ruby_http_parser.so false ruby_http_parser.o ryah_http_parser.o *.bak mkmf.log .*.time
