find_header: checking for prism.h in /home/rcofreto/Documents/rcofre.github.io/vendor/bundle/ruby/3.3.0/gems/prism-1.9.0/include... -------------------- yes

LD_LIBRARY_PATH=.:/usr/lib64 "gcc -o conftest -I/usr/include -I/usr/include/ruby/backward -I/usr/include -I.    -O2 -flto=auto -ffat-lto-objects -fexceptions -g -grecord-gcc-switches -pipe -Wall -Werror=format-security -Wp,-U_FORTIFY_SOURCE,-D_FORTIFY_SOURCE=3 -Wp,-D_GLIBCXX_ASSERTIONS -specs=/usr/lib/rpm/redhat/redhat-hardened-cc1 -fstack-protector-strong -specs=/usr/lib/rpm/redhat/redhat-annobin-cc1 -march=x86-64 -mtune=generic -fasynchronous-unwind-tables -fstack-clash-protection -fcf-protection -mtls-dialect=gnu2 -fno-omit-frame-pointer -mno-omit-leaf-frame-pointer -fPIC conftest.c  -L. -L/usr/lib64 -L. -Wl,-z,relro -Wl,--as-needed  -Wl,-z,pack-relative-relocs -Wl,-z,now -specs=/usr/lib/rpm/redhat/redhat-hardened-ld -specs=/usr/lib/rpm/redhat/redhat-annobin-cc1  -Wl,--build-id=sha1 -fstack-protector-strong -rdynamic -Wl,-export-dynamic -Wl,--no-as-needed  -m64   -lruby  -lm -lpthread  -lc"
checked program was:
/* begin */
1: #include "ruby.h"
2: 
3: int main(int argc, char **argv)
4: {
5:   return !!argv[argc];
6: }
/* end */

LD_LIBRARY_PATH=.:/usr/lib64 "gcc -I/usr/include -I/usr/include/ruby/backward -I/usr/include -I.    -O2 -flto=auto -ffat-lto-objects -fexceptions -g -grecord-gcc-switches -pipe -Wall -Werror=format-security -Wp,-U_FORTIFY_SOURCE,-D_FORTIFY_SOURCE=3 -Wp,-D_GLIBCXX_ASSERTIONS -specs=/usr/lib/rpm/redhat/redhat-hardened-cc1 -fstack-protector-strong -specs=/usr/lib/rpm/redhat/redhat-annobin-cc1 -march=x86-64 -mtune=generic -fasynchronous-unwind-tables -fstack-clash-protection -fcf-protection -mtls-dialect=gnu2 -fno-omit-frame-pointer -mno-omit-leaf-frame-pointer -fPIC -m64  -c conftest.c"
conftest.c:3:10: fatal error: prism.h: No such file or directory
    3 | #include <prism.h>
      |          ^~~~~~~~~
compilation terminated.
checked program was:
/* begin */
1: #include "ruby.h"
2: 
3: #include <prism.h>
/* end */

LD_LIBRARY_PATH=.:/usr/lib64 "gcc -I/usr/include -I/usr/include/ruby/backward -I/usr/include -I.    -O2 -flto=auto -ffat-lto-objects -fexceptions -g -grecord-gcc-switches -pipe -Wall -Werror=format-security -Wp,-U_FORTIFY_SOURCE,-D_FORTIFY_SOURCE=3 -Wp,-D_GLIBCXX_ASSERTIONS -specs=/usr/lib/rpm/redhat/redhat-hardened-cc1 -fstack-protector-strong -specs=/usr/lib/rpm/redhat/redhat-annobin-cc1 -march=x86-64 -mtune=generic -fasynchronous-unwind-tables -fstack-clash-protection -fcf-protection -mtls-dialect=gnu2 -fno-omit-frame-pointer -mno-omit-leaf-frame-pointer -fPIC -m64 -I/home/rcofreto/Documents/rcofre.github.io/vendor/bundle/ruby/3.3.0/gems/prism-1.9.0/include -c conftest.c"
checked program was:
/* begin */
1: #include "ruby.h"
2: 
3: #include <prism.h>
/* end */

--------------------

find_header: checking for prism/extension.h in /home/rcofreto/Documents/rcofre.github.io/vendor/bundle/ruby/3.3.0/gems/prism-1.9.0/ext... -------------------- yes

LD_LIBRARY_PATH=.:/usr/lib64 "gcc -I/usr/include -I/usr/include/ruby/backward -I/usr/include -I. -I/home/rcofreto/Documents/rcofre.github.io/vendor/bundle/ruby/3.3.0/gems/prism-1.9.0/include    -O2 -flto=auto -ffat-lto-objects -fexceptions -g -grecord-gcc-switches -pipe -Wall -Werror=format-security -Wp,-U_FORTIFY_SOURCE,-D_FORTIFY_SOURCE=3 -Wp,-D_GLIBCXX_ASSERTIONS -specs=/usr/lib/rpm/redhat/redhat-hardened-cc1 -fstack-protector-strong -specs=/usr/lib/rpm/redhat/redhat-annobin-cc1 -march=x86-64 -mtune=generic -fasynchronous-unwind-tables -fstack-clash-protection -fcf-protection -mtls-dialect=gnu2 -fno-omit-frame-pointer -mno-omit-leaf-frame-pointer -fPIC -m64  -c conftest.c"
conftest.c:3:10: fatal error: prism/extension.h: No such file or directory
    3 | #include <prism/extension.h>
      |          ^~~~~~~~~~~~~~~~~~~
compilation terminated.
checked program was:
/* begin */
1: #include "ruby.h"
2: 
3: #include <prism/extension.h>
/* end */

LD_LIBRARY_PATH=.:/usr/lib64 "gcc -I/usr/include -I/usr/include/ruby/backward -I/usr/include -I. -I/home/rcofreto/Documents/rcofre.github.io/vendor/bundle/ruby/3.3.0/gems/prism-1.9.0/include    -O2 -flto=auto -ffat-lto-objects -fexceptions -g -grecord-gcc-switches -pipe -Wall -Werror=format-security -Wp,-U_FORTIFY_SOURCE,-D_FORTIFY_SOURCE=3 -Wp,-D_GLIBCXX_ASSERTIONS -specs=/usr/lib/rpm/redhat/redhat-hardened-cc1 -fstack-protector-strong -specs=/usr/lib/rpm/redhat/redhat-annobin-cc1 -march=x86-64 -mtune=generic -fasynchronous-unwind-tables -fstack-clash-protection -fcf-protection -mtls-dialect=gnu2 -fno-omit-frame-pointer -mno-omit-leaf-frame-pointer -fPIC -m64 -I/home/rcofreto/Documents/rcofre.github.io/vendor/bundle/ruby/3.3.0/gems/prism-1.9.0/ext -c conftest.c"
checked program was:
/* begin */
1: #include "ruby.h"
2: 
3: #include <prism/extension.h>
/* end */

--------------------

append_cflags: checking for whether -fvisibility=hidden is accepted as CFLAGS... -------------------- yes

LD_LIBRARY_PATH=.:/usr/lib64 "gcc -I/usr/include -I/usr/include/ruby/backward -I/usr/include -I. -I/home/rcofreto/Documents/rcofre.github.io/vendor/bundle/ruby/3.3.0/gems/prism-1.9.0/include -I/home/rcofreto/Documents/rcofre.github.io/vendor/bundle/ruby/3.3.0/gems/prism-1.9.0/ext    -O2 -flto=auto -ffat-lto-objects -fexceptions -g -grecord-gcc-switches -pipe -Wall -Werror=format-security -Wp,-U_FORTIFY_SOURCE,-D_FORTIFY_SOURCE=3 -Wp,-D_GLIBCXX_ASSERTIONS -specs=/usr/lib/rpm/redhat/redhat-hardened-cc1 -fstack-protector-strong -specs=/usr/lib/rpm/redhat/redhat-annobin-cc1 -march=x86-64 -mtune=generic -fasynchronous-unwind-tables -fstack-clash-protection -fcf-protection -mtls-dialect=gnu2 -fno-omit-frame-pointer -mno-omit-leaf-frame-pointer -fPIC -m64 -fvisibility=hidden -Werror -c conftest.c"
checked program was:
/* begin */
1: #include "ruby.h"
2: 
3: int main(int argc, char **argv)
4: {
5:   return !!argv[argc];
6: }
/* end */

--------------------

